┌─────────┬───────────┬──────────────────────────┬──────────────────────────┐
│ symbol  │ day_count │        first_day         │         last_day         │
│ varchar │   int64   │ timestamp with time zone │ timestamp with time zone │
├─────────┼───────────┼──────────────────────────┼──────────────────────────┤
│ AUDJPY  │         1 │ 2009-09-24 19:00:00-05   │ 2009-09-24 19:00:00-05   │
│ AUDUSD  │         1 │ 2009-09-24 19:00:00-05   │ 2009-09-24 19:00:00-05   │
│ EURJPY  │         1 │ 2009-09-24 19:00:00-05   │ 2009-09-24 19:00:00-05   │
│ EURUSD  │         1 │ 2009-09-24 19:00:00-05   │ 2009-09-24 19:00:00-05   │
│ GBPJPY  │         1 │ 2009-09-24 19:00:00-05   │ 2009-09-24 19:00:00-05   │
│ GBPUSD  │         1 │ 2009-09-24 19:00:00-05   │ 2009-09-24 19:00:00-05   │
│ NZDUSD  │         1 │ 2009-09-24 19:00:00-05   │ 2009-09-24 19:00:00-05   │
│ USDCAD  │         1 │ 2009-09-24 19:00:00-05   │ 2009-09-24 19:00:00-05   │
│ USDCHF  │         1 │ 2009-09-24 19:00:00-05   │ 2009-09-24 19:00:00-05   │
└─────────┴───────────┴──────────────────────────┴──────────────────────────┘
┌────────────────────────┐
│         status         │
│        varchar         │
├────────────────────────┤
│ Building daily bars... │
└────────────────────────┘
┌─────────────────────┐
│       status        │
│       varchar       │
├─────────────────────┤
│ Daily bars written. │
└─────────────────────┘
┌─────────┬───────┬──────────────────────────┬──────────────────────────┐
│ symbol  │ days  │          first           │           last           │
│ varchar │ int64 │ timestamp with time zone │ timestamp with time zone │
├─────────┼───────┼──────────────────────────┼──────────────────────────┤
│ AUDJPY  │  3512 │ 2009-09-24 19:00:00-05   │ 2026-02-15 18:00:00-06   │
│ AUDUSD  │  3457 │ 2009-09-24 19:00:00-05   │ 2026-02-15 18:00:00-06   │
│ EURJPY  │  3516 │ 2009-09-24 19:00:00-05   │ 2026-02-15 18:00:00-06   │
│ EURUSD  │  3460 │ 2009-09-24 19:00:00-05   │ 2026-02-15 18:00:00-06   │
│ GBPJPY  │  3509 │ 2009-09-24 19:00:00-05   │ 2026-02-15 18:00:00-06   │
│ GBPUSD  │  3457 │ 2009-09-24 19:00:00-05   │ 2026-02-15 18:00:00-06   │
│ NZDUSD  │  3435 │ 2009-09-24 19:00:00-05   │ 2026-02-15 18:00:00-06   │
│ USDCAD  │  3449 │ 2009-09-24 19:00:00-05   │ 2026-02-15 18:00:00-06   │
│ USDCHF  │  3489 │ 2009-09-24 19:00:00-05   │ 2026-02-15 18:00:00-06   │
│ USDJPY  │  3442 │ 2009-09-26 19:00:00-05   │ 2026-02-15 18:00:00-06   │
└─────────┴───────┴──────────────────────────┴──────────────────────────┘
  10 rows                                                     4 columns
┌────────────────────────────────────────────────────────────┐
│                           status                           │
│                          varchar                           │
├────────────────────────────────────────────────────────────┤
│ Building sub-bar (30-min) bars — this will take a while... │
└────────────────────────────────────────────────────────────┘
┌──────────────────────────┐
│          status          │
│         varchar          │
├──────────────────────────┤
│ Sub-bar Parquet written. │
└──────────────────────────┘
┌─────────┬────────┬──────────────────────────┬──────────────────────────┐
│ symbol  │  bars  │          first           │           last           │
│ varchar │ int64  │ timestamp with time zone │ timestamp with time zone │
├─────────┼────────┼──────────────────────────┼──────────────────────────┤
│ AUDJPY  │ 214754 │ 2009-10-08 19:00:00-05   │ 2026-05-01 15:30:00-05   │
│ AUDUSD  │ 205800 │ 2009-10-08 19:00:00-05   │ 2026-05-01 15:30:00-05   │
│ EURJPY  │ 214195 │ 2009-10-08 19:00:00-05   │ 2026-05-01 15:30:00-05   │
│ EURUSD  │ 205465 │ 2009-10-08 19:00:00-05   │ 2026-05-01 15:30:00-05   │
│ GBPJPY  │ 213943 │ 2009-10-08 19:00:00-05   │ 2026-05-01 15:30:00-05   │
│ GBPUSD  │ 205248 │ 2009-10-08 19:00:00-05   │ 2026-05-01 15:30:00-05   │
│ NZDUSD  │ 203463 │ 2009-10-08 19:00:00-05   │ 2026-05-01 15:30:00-05   │
│ USDCAD  │ 204293 │ 2009-10-08 19:00:00-05   │ 2026-05-01 15:30:00-05   │
│ USDCHF  │ 210027 │ 2009-10-08 19:00:00-05   │ 2026-05-01 15:30:00-05   │
│ USDJPY  │ 204222 │ 2009-10-08 19:00:00-05   │ 2026-05-01 15:30:00-05   │
└─────────┴────────┴──────────────────────────┴──────────────────────────┘
  10 rows                                                      4 columns
┌─────────────────────┬───────┐
│        check        │ count │
│       varchar       │ int64 │
├─────────────────────┼───────┤
│ Daily crossed bars: │     0 │
└─────────────────────┴───────┘
┌───────────────────────┬───────┐
│         check         │ count │
│        varchar        │ int64 │
├───────────────────────┼───────┤
│ Sub-bar crossed bars: │     0 │
└───────────────────────┴───────┘
┌─────────┬───────┐
│ symbol  │ days  │
│ varchar │ int64 │
├─────────┼───────┤
│ AUDJPY  │  3512 │
│ AUDUSD  │  3457 │
│ EURJPY  │  3516 │
│ EURUSD  │  3460 │
│ GBPJPY  │  3509 │
│ GBPUSD  │  3457 │
│ NZDUSD  │  3435 │
│ USDCAD  │  3449 │
│ USDCHF  │  3489 │
│ USDJPY  │  3442 │
└─────────┴───────┘
      10 rows    
┌─────────┐
│ status  │
│ varchar │
├─────────┤
│ Done.   │
└─────────┘
